QA output created by 003
using backend plain store
check whether all nodes have the same cluster info
Cluster status: running, auto-recovery enabled

Cluster created at DATE

Epoch Time           Version
DATE      4 [127.0.0.1:7000, 127.0.0.1:7001, 127.0.0.1:7002]
DATE      3 [127.0.0.1:7002]
DATE      2 [127.0.0.1:7001, 127.0.0.1:7002]
DATE      1 [127.0.0.1:7000, 127.0.0.1:7001, 127.0.0.1:7002]
Cluster status: running, auto-recovery enabled

Cluster created at DATE

Epoch Time           Version
DATE      4 [127.0.0.1:7000, 127.0.0.1:7001, 127.0.0.1:7002]
DATE      3 [127.0.0.1:7002]
DATE      2 [127.0.0.1:7001, 127.0.0.1:7002]
DATE      1 [127.0.0.1:7000, 127.0.0.1:7001, 127.0.0.1:7002]
Cluster status: running, auto-recovery enabled

Cluster created at DATE

Epoch Time           Version
DATE      4 [127.0.0.1:7000, 127.0.0.1:7001, 127.0.0.1:7002]
DATE      3 [127.0.0.1:7002]
DATE      2 [127.0.0.1:7001, 127.0.0.1:7002]
DATE      1 [127.0.0.1:7000, 127.0.0.1:7001, 127.0.0.1:7002]
