QA output created by 005
using backend plain store
check whether all nodes have the same cluster info
Cluster status: running, auto-recovery enabled

Cluster created at DATE

Epoch Time           Version
DATE      8 [127.0.0.1:7000, 127.0.0.1:7001, 127.0.0.1:7002, 127.0.0.1:7003, 127.0.0.1:7004]
DATE      7 [127.0.0.1:7003, 127.0.0.1:7004]
DATE      6 [127.0.0.1:7003]
DATE      5 [127.0.0.1:7002, 127.0.0.1:7003]
DATE      4 [127.0.0.1:7002]
DATE      3 [127.0.0.1:7001, 127.0.0.1:7002]
DATE      2 [127.0.0.1:7001]
DATE      1 [127.0.0.1:7000, 127.0.0.1:7001]
Cluster status: running, auto-recovery enabled

Cluster created at DATE

Epoch Time           Version
DATE      8 [127.0.0.1:7000, 127.0.0.1:7001, 127.0.0.1:7002, 127.0.0.1:7003, 127.0.0.1:7004]
DATE      7 [127.0.0.1:7003, 127.0.0.1:7004]
DATE      6 [127.0.0.1:7003]
DATE      5 [127.0.0.1:7002, 127.0.0.1:7003]
DATE      4 [127.0.0.1:7002]
DATE      3 [127.0.0.1:7001, 127.0.0.1:7002]
DATE      2 [127.0.0.1:7001]
DATE      1 [127.0.0.1:7000, 127.0.0.1:7001]
Cluster status: running, auto-recovery enabled

Cluster created at DATE

Epoch Time           Version
DATE      8 [127.0.0.1:7000, 127.0.0.1:7001, 127.0.0.1:7002, 127.0.0.1:7003, 127.0.0.1:7004]
DATE      7 [127.0.0.1:7003, 127.0.0.1:7004]
DATE      6 [127.0.0.1:7003]
DATE      5 [127.0.0.1:7002, 127.0.0.1:7003]
DATE      4 [127.0.0.1:7002]
DATE      3 [127.0.0.1:7001, 127.0.0.1:7002]
DATE      2 [127.0.0.1:7001]
DATE      1 [127.0.0.1:7000, 127.0.0.1:7001]
Cluster status: running, auto-recovery enabled

Cluster created at DATE

Epoch Time           Version
DATE      8 [127.0.0.1:7000, 127.0.0.1:7001, 127.0.0.1:7002, 127.0.0.1:7003, 127.0.0.1:7004]
DATE      7 [127.0.0.1:7003, 127.0.0.1:7004]
DATE      6 [127.0.0.1:7003]
DATE      5 [127.0.0.1:7002, 127.0.0.1:7003]
DATE      4 [127.0.0.1:7002]
DATE      3 [127.0.0.1:7001, 127.0.0.1:7002]
DATE      2 [127.0.0.1:7001]
DATE      1 [127.0.0.1:7000, 127.0.0.1:7001]
Cluster status: running, auto-recovery enabled

Cluster created at DATE

Epoch Time           Version
DATE      8 [127.0.0.1:7000, 127.0.0.1:7001, 127.0.0.1:7002, 127.0.0.1:7003, 127.0.0.1:7004]
DATE      7 [127.0.0.1:7003, 127.0.0.1:7004]
DATE      6 [127.0.0.1:7003]
DATE      5 [127.0.0.1:7002, 127.0.0.1:7003]
DATE      4 [127.0.0.1:7002]
DATE      3 [127.0.0.1:7001, 127.0.0.1:7002]
DATE      2 [127.0.0.1:7001]
DATE      1 [127.0.0.1:7000, 127.0.0.1:7001]
