QA output created by 007
using backend plain store
using backend plain store
Cluster status: running, auto-recovery enabled

Cluster created at DATE

Epoch Time           Version
DATE      4 [127.0.0.1:7000, 127.0.0.1:7002]
DATE      3 [127.0.0.1:7000]
DATE      2 [127.0.0.1:7000, 127.0.0.1:7001]
DATE      1 [127.0.0.1:7000]
Cluster status: running, auto-recovery enabled

Cluster created at DATE

Epoch Time           Version
DATE      4 [127.0.0.1:7000, 127.0.0.1:7002]
DATE      3 [127.0.0.1:7000]
DATE      2 [127.0.0.1:7000, 127.0.0.1:7001]
DATE      1 [127.0.0.1:7000]
