QA output created by 011
check the number of vnodes
  Id   Host:Port         V-Nodes       Zone
   0   127.0.0.1:7000      	55          0
   1   127.0.0.1:7001      	110          1
   2   127.0.0.1:7002      	220          2
  Id   Host:Port         V-Nodes       Zone
   0   127.0.0.1:7000      	55          0
   1   127.0.0.1:7001      	110          1
   2   127.0.0.1:7002      	220          2
  Id   Host:Port         V-Nodes       Zone
   0   127.0.0.1:7000      	55          0
   1   127.0.0.1:7001      	110          1
   2   127.0.0.1:7002      	220          2
