QA output created by 030
using backend plain store
Index		Tag		Snapshot Time
1		s1		DATE
Index		Tag		Snapshot Time
1		s1		DATE
2		s2		DATE
  Name        Id    Size    Used  Shared    Creation time   VDI id  Copies  Tag
s test1        1   10 MB   12 MB  0.0 MB DATE   fd32fc      3              
s test1        2   10 MB   12 MB  0.0 MB DATE   fd32fd      3              
  test1        0   10 MB  0.0 MB   12 MB DATE   fd32fe      3              
s test2        1   10 MB   12 MB  0.0 MB DATE   fd3815      3              
s test2        2   10 MB   12 MB  0.0 MB DATE   fd3816      3              
  test2        0   10 MB  0.0 MB   12 MB DATE   fd3817      3              
using backend plain store
using backend plain store
  Name        Id    Size    Used  Shared    Creation time   VDI id  Copies  Tag
s test1        1   10 MB   12 MB  0.0 MB DATE   fd32fc      3              
  test1        0   10 MB  0.0 MB   12 MB DATE   fd32fd      3              
s test2        1   10 MB   12 MB  0.0 MB DATE   fd3815      3              
  test2        0   10 MB  0.0 MB   12 MB DATE   fd3816      3              
using backend plain store
  Name        Id    Size    Used  Shared    Creation time   VDI id  Copies  Tag
s test1        1   10 MB   12 MB  0.0 MB DATE   fd32fc      3              
s test1        2   10 MB   12 MB  0.0 MB DATE   fd32fd      3              
  test1        0   10 MB  0.0 MB   12 MB DATE   fd32fe      3              
s test2        1   10 MB   12 MB  0.0 MB DATE   fd3815      3              
s test2        2   10 MB   12 MB  0.0 MB DATE   fd3816      3              
  test2        0   10 MB  0.0 MB   12 MB DATE   fd3817      3              
using backend plain store
  Name        Id    Size    Used  Shared    Creation time   VDI id  Copies  Tag
s test1        1   10 MB   12 MB  0.0 MB DATE   fd32fc      3              
s test1        2   10 MB   12 MB  0.0 MB DATE   fd32fd      3              
  test1        0   10 MB  0.0 MB   12 MB DATE   fd32fe      3              
s test2        1   10 MB   12 MB  0.0 MB DATE   fd3815      3              
s test2        2   10 MB   12 MB  0.0 MB DATE   fd3816      3              
  test2        0   10 MB  0.0 MB   12 MB DATE   fd3817      3              
Cluster status: running, auto-recovery enabled
Cluster store: plain with 3 redundancy policy
Cluster vnode mode: node
Cluster created at DATE

Epoch Time           Version
DATE      1 [127.0.0.1:7000, 127.0.0.1:7001, 127.0.0.1:7002, 127.0.0.1:7003, 127.0.0.1:7004, 127.0.0.1:7005]
  Name        Id    Size    Used  Shared    Creation time   VDI id  Copies  Tag
s test1        1   10 MB   12 MB  0.0 MB DATE   fd32fc      3              
s test1        2   10 MB   12 MB  0.0 MB DATE   fd32fd      3              
  test1        0   10 MB  0.0 MB   12 MB DATE   fd32fe      3              
  test3        0   10 MB  0.0 MB  0.0 MB DATE   fd3662      3              
s test2        1   10 MB   12 MB  0.0 MB DATE   fd3815      3              
s test2        2   10 MB   12 MB  0.0 MB DATE   fd3816      3              
  test2        0   10 MB  0.0 MB   12 MB DATE   fd3817      3              
using backend plain store
  Name        Id    Size    Used  Shared    Creation time   VDI id  Copies  Tag
s test5        1   10 MB   12 MB  0.0 MB DATE   fd2c30      3          snap
  test5        0   10 MB  0.0 MB   12 MB DATE   fd2c31      3              
s test4        1   10 MB   12 MB  0.0 MB DATE   fd2de3      3          snap
  test4        0   10 MB  0.0 MB   12 MB DATE   fd2de4      3              
s test7        1   10 MB   12 MB  0.0 MB DATE   fd2f96      3          snap
  test7        0   10 MB  0.0 MB   12 MB DATE   fd2f97      3              
s test6        1   10 MB   12 MB  0.0 MB DATE   fd3149      3          snap
  test6        0   10 MB  0.0 MB   12 MB DATE   fd314a      3              
s test1        1   10 MB   12 MB  0.0 MB DATE   fd32fc      3          snap
  test1        0   10 MB  0.0 MB   12 MB DATE   fd32fd      3              
s test0        1   10 MB   12 MB  0.0 MB DATE   fd34af      3          snap
  test0        0   10 MB  0.0 MB   12 MB DATE   fd34b0      3              
s test3        1   10 MB   12 MB  0.0 MB DATE   fd3662      3          snap
  test3        0   10 MB  0.0 MB   12 MB DATE   fd3663      3              
s test2        1   10 MB   12 MB  0.0 MB DATE   fd3815      3          snap
  test2        0   10 MB  0.0 MB   12 MB DATE   fd3816      3              
s test9        1   10 MB   12 MB  0.0 MB DATE   fd4094      3          snap
  test9        0   10 MB  0.0 MB   12 MB DATE   fd4095      3              
s test8        1   10 MB   12 MB  0.0 MB DATE   fd4247      3          snap
  test8        0   10 MB  0.0 MB   12 MB DATE   fd4248      3              
1. VDI id: fd2de3, name: test4, tag: snap
2. VDI id: fd3149, name: test6, tag: snap
3. VDI id: fd34af, name: test0, tag: snap
4. VDI id: fd3815, name: test2, tag: snap
5. VDI id: fd4247, name: test8, tag: snap
using backend plain store
using backend plain store
  Name        Id    Size    Used  Shared    Creation time   VDI id  Copies  Tag
s test4        1   10 MB   12 MB  0.0 MB DATE   fd2de3      3          snap
  test4        0   10 MB  0.0 MB   12 MB DATE   fd2de4      3              
s test6        1   10 MB   12 MB  0.0 MB DATE   fd3149      3          snap
  test6        0   10 MB  0.0 MB   12 MB DATE   fd314a      3              
s test0        1   10 MB   12 MB  0.0 MB DATE   fd34af      3          snap
  test0        0   10 MB  0.0 MB   12 MB DATE   fd34b0      3              
s test2        1   10 MB   12 MB  0.0 MB DATE   fd3815      3          snap
  test2        0   10 MB  0.0 MB   12 MB DATE   fd3816      3              
s test8        1   10 MB   12 MB  0.0 MB DATE   fd4247      3          snap
  test8        0   10 MB  0.0 MB   12 MB DATE   fd4248      3              
using backend plain store
using backend plain store
  Name        Id    Size    Used  Shared    Creation time   VDI id  Copies  Tag
s test4        1   10 MB   12 MB  0.0 MB DATE   fd2de3      3          snap
  test4        0   10 MB  0.0 MB   12 MB DATE   fd2de4      3              
s test0        1   10 MB   12 MB  0.0 MB DATE   fd34af      3          snap
  test0        0   10 MB  0.0 MB   12 MB DATE   fd34b0      3              
s test8        1   10 MB   12 MB  0.0 MB DATE   fd4247      3          snap
  test8        0   10 MB  0.0 MB   12 MB DATE   fd4248      3              
    __
   ()'`;
   /\|`
  /  |   Caution! The cluster is not empty.
(/_)_|_  Are you sure you want to continue? [yes/no]: using backend plain store
Cannot execute. It may be caused by:
1. The cluster is empty.
2. All VDIs of the cluster don't have snapshots.
Fail to save snapshot to path: /tmp/sheepdog/030/tmp.
    __
   ()'`;
   /\|`
  /  |   Caution! The cluster is not empty.
(/_)_|_  Are you sure you want to continue? [yes/no]: using backend plain store
  Name        Id    Size    Used  Shared    Creation time   VDI id  Copies  Tag
s test         2   10 MB  0.0 MB   12 MB DATE   7c2b26      3           vs2
  test         0   10 MB  0.0 MB   12 MB DATE   7c2b27      3              
    __
   ()'`;
   /\|`
  /  |   Caution! The cluster is not empty.
(/_)_|_  Are you sure you want to continue? [yes/no]: using backend plain store
  Name        Id    Size    Used  Shared    Creation time   VDI id  Copies  Tag
s test         2   10 MB  0.0 MB   12 MB DATE   7c2b26      3           vs2
  test         0   10 MB  0.0 MB   12 MB DATE   7c2b27      3              
