QA output created by 039
using backend plain store
wrote 512/512 bytes at offset 0
512 bytes, X ops; XX:XX:XX.X (XXX YYY/sec and XXX ops/sec)
wrote 512/512 bytes at offset 0
512 bytes, X ops; XX:XX:XX.X (XXX YYY/sec and XXX ops/sec)
This operation discards any changes made since the previous
snapshot was taken.  Continue? [yes/no]: read 512/512 bytes at offset 0
512 bytes, X ops; XX:XX:XX.X (XXX YYY/sec and XXX ops/sec)
test---[DATE]---(you are here)
  Name        Id    Size    Used  Shared    Creation time   VDI id  Copies  Tag
s test         1  4.0 GB  4.0 MB  0.0 MB DATE   7c2b25      6         snap1
  test         0  4.0 GB  0.0 MB  4.0 MB DATE   7c2b26      6              
wrote 512/512 bytes at offset 0
512 bytes, X ops; XX:XX:XX.X (XXX YYY/sec and XXX ops/sec)
wrote 512/512 bytes at offset 0
512 bytes, X ops; XX:XX:XX.X (XXX YYY/sec and XXX ops/sec)
This operation discards any changes made since the previous
snapshot was taken.  Continue? [yes/no]: read 512/512 bytes at offset 0
512 bytes, X ops; XX:XX:XX.X (XXX YYY/sec and XXX ops/sec)
test---[DATE]-+-[DATE]
                          `-(you are here)
  Name        Id    Size    Used  Shared    Creation time   VDI id  Copies  Tag
s test         1  4.0 GB  4.0 MB  0.0 MB DATE   7c2b25      6         snap1
s test         2  4.0 GB  4.0 MB  0.0 MB DATE   7c2b26      6         snap2
  test         0  4.0 GB  0.0 MB  4.0 MB DATE   7c2b27      6              
This operation discards any changes made since the previous
snapshot was taken.  Continue? [yes/no]: read 512/512 bytes at offset 0
512 bytes, X ops; XX:XX:XX.X (XXX YYY/sec and XXX ops/sec)
test---[DATE]---[DATE]---(you are here)
  Name        Id    Size    Used  Shared    Creation time   VDI id  Copies  Tag
s test         1  4.0 GB  4.0 MB  0.0 MB DATE   7c2b25      6         snap1
s test         2  4.0 GB  4.0 MB  0.0 MB DATE   7c2b26      6         snap2
  test         0  4.0 GB  0.0 MB  4.0 MB DATE   7c2b27      6              
This operation discards any changes made since the previous
snapshot was taken.  Continue? [yes/no]: read 512/512 bytes at offset 0
512 bytes, X ops; XX:XX:XX.X (XXX YYY/sec and XXX ops/sec)
test---[DATE]-+-[DATE]
                          `-(you are here)
  Name        Id    Size    Used  Shared    Creation time   VDI id  Copies  Tag
s test         1  4.0 GB  4.0 MB  0.0 MB DATE   7c2b25      6         snap1
s test         2  4.0 GB  4.0 MB  0.0 MB DATE   7c2b26      6         snap2
  test         0  4.0 GB  0.0 MB  4.0 MB DATE   7c2b27      6              
wrote 512/512 bytes at offset 0
512 bytes, X ops; XX:XX:XX.X (XXX YYY/sec and XXX ops/sec)
wrote 512/512 bytes at offset 0
512 bytes, X ops; XX:XX:XX.X (XXX YYY/sec and XXX ops/sec)
The snapshot id must be larger than zero
Failed to open VDI test (snapshot id: 5 snapshot tag: ): Failed to find requested tag
This operation discards any changes made since the previous
snapshot was taken.  Continue? [yes/no]: read 512/512 bytes at offset 0
512 bytes, X ops; XX:XX:XX.X (XXX YYY/sec and XXX ops/sec)
test---[DATE]-+-[DATE]
                          `-[DATE]-+-[DATE]
                                               `-(you are here)
  Name        Id    Size    Used  Shared    Creation time   VDI id  Copies  Tag
s test         1  4.0 GB  4.0 MB  0.0 MB DATE   7c2b25      6         snap1
s test         2  4.0 GB  4.0 MB  0.0 MB DATE   7c2b26      6         snap2
s test         3  4.0 GB  4.0 MB  0.0 MB DATE   7c2b27      6         snap3
s test         4  4.0 GB  4.0 MB  0.0 MB DATE   7c2b28      6         snap4
  test         0  4.0 GB  0.0 MB  4.0 MB DATE   7c2b29      6              
