QA output created by 046
using backend plain store
delete snapshot image before current one
  Name        Id    Size    Used  Shared    Creation time   VDI id  Copies  Tag
s test         1  4.0 GB  0.0 MB  0.0 MB DATE   7c2b25      2          snap
  test         0  4.0 GB  0.0 MB  0.0 MB DATE   7c2b26      2              
Failed to open VDI test (snapshot id: 0 snapshot tag: snap): Failed to find requested tag
  Name        Id    Size    Used  Shared    Creation time   VDI id  Copies  Tag
  test         0  4.0 GB  0.0 MB  0.0 MB DATE   7c2b26      2              
Failed to open VDI test (snapshot id: 0 snapshot tag: ): No VDI found
  Name        Id    Size    Used  Shared    Creation time   VDI id  Copies  Tag
delete current image before snapshot one
  Name        Id    Size    Used  Shared    Creation time   VDI id  Copies  Tag
s test         1  4.0 GB  0.0 MB  0.0 MB DATE   7c2b25      2          snap
  test         0  4.0 GB  0.0 MB  0.0 MB DATE   7c2b27      2              
Failed to open VDI test (snapshot id: 0 snapshot tag: ): No VDI found
  Name        Id    Size    Used  Shared    Creation time   VDI id  Copies  Tag
s test         1  4.0 GB  0.0 MB  0.0 MB DATE   7c2b25      2          snap
Failed to open VDI test (snapshot id: 0 snapshot tag: snap): No VDI found
  Name        Id    Size    Used  Shared    Creation time   VDI id  Copies  Tag
delete snapshot
STORE	DATA	VDI	VMSTATE	ATTR	LEDGER	STALE
0	83	2	0	0	62	0
1	110	1	0	0	61	0
2	108	5	0	0	61	0
3	105	2	0	0	72	0
delete test
STORE	DATA	VDI	VMSTATE	ATTR	LEDGER	STALE
0	78	2	0	0	80	0
2	87	5	0	0	80	0
3	91	3	0	0	96	0
delete clone
STORE	DATA	VDI	VMSTATE	ATTR	LEDGER	STALE
0	0	2	0	0	0	0
2	0	4	0	0	0	0
3	0	1	0	0	0	0
4	0	2	0	0	0	0
5	0	1	0	0	0	0
  Name        Id    Size    Used  Shared    Creation time   VDI id  Copies  Tag
