QA output created by 052
using backend plain store
Cluster status: running, auto-recovery enabled

Cluster created at DATE

Epoch Time           Version
DATE      1 [127.0.0.1:7000, 127.0.0.1:7001, 127.0.0.1:7002, 127.0.0.1:7003, 127.0.0.1:7004, 127.0.0.1:7005]
Cluster status: Waiting for other nodes to join cluster

Cluster created at DATE

Epoch Time           Version
DATE      1 [127.0.0.1:7000, 127.0.0.1:7001, 127.0.0.1:7002, 127.0.0.1:7003, 127.0.0.1:7004, 127.0.0.1:7005]
Failed to read object 807c2b2500000000 Waiting for other nodes to join cluster
Failed to read inode header
  Name        Id    Size    Used  Shared    Creation time   VDI id  Copies  Tag
Cluster status: Waiting for other nodes to join cluster

Cluster created at DATE

Epoch Time           Version
DATE      1 [127.0.0.1:7000, 127.0.0.1:7001, 127.0.0.1:7002, 127.0.0.1:7003, 127.0.0.1:7004, 127.0.0.1:7005]
Failed to read object 807c2b2500000000 Waiting for other nodes to join cluster
Failed to read inode header
  Name        Id    Size    Used  Shared    Creation time   VDI id  Copies  Tag
Cluster status: Waiting for other nodes to join cluster

Cluster created at DATE

Epoch Time           Version
DATE      1 [127.0.0.1:7000, 127.0.0.1:7001, 127.0.0.1:7002, 127.0.0.1:7003, 127.0.0.1:7004, 127.0.0.1:7005]
Failed to read object 807c2b2500000000 Waiting for other nodes to join cluster
Failed to read inode header
  Name        Id    Size    Used  Shared    Creation time   VDI id  Copies  Tag
Cluster status: Waiting for other nodes to join cluster

Cluster created at DATE

Epoch Time           Version
DATE      1 [127.0.0.1:7000, 127.0.0.1:7001, 127.0.0.1:7002, 127.0.0.1:7003, 127.0.0.1:7004, 127.0.0.1:7005]
Failed to read object 807c2b2500000000 Waiting for other nodes to join cluster
Failed to read inode header
  Name        Id    Size    Used  Shared    Creation time   VDI id  Copies  Tag
Cluster status: Waiting for other nodes to join cluster

Cluster created at DATE

Epoch Time           Version
DATE      1 [127.0.0.1:7000, 127.0.0.1:7001, 127.0.0.1:7002, 127.0.0.1:7003, 127.0.0.1:7004, 127.0.0.1:7005]
Failed to read object 807c2b2500000000 Waiting for other nodes to join cluster
Failed to read inode header
  Name        Id    Size    Used  Shared    Creation time   VDI id  Copies  Tag
Cluster status: Waiting for other nodes to join cluster
Failed to read object 807c2b2500000000 Waiting for other nodes to join cluster
Failed to read inode header
  Name        Id    Size    Used  Shared    Creation time   VDI id  Copies  Tag
Caution! Please try starting all the cluster nodes normally before
running this command.

The cluster may need to be force recovered if:
  - the master node fails to start because of epoch mismatch; or
  - some nodes fail to start after a cluster shutdown.

Are you sure you want to continue? [yes/no]: 
finish check&repair test
Cluster status: running, auto-recovery enabled

Cluster created at DATE

Epoch Time           Version
DATE      2 [127.0.0.1:7000, 127.0.0.1:7001, 127.0.0.1:7002, 127.0.0.1:7003, 127.0.0.1:7004, 127.0.0.1:7006]
DATE      1 [127.0.0.1:7000, 127.0.0.1:7001, 127.0.0.1:7002, 127.0.0.1:7003, 127.0.0.1:7004, 127.0.0.1:7005]
  Name        Id    Size    Used  Shared    Creation time   VDI id  Copies  Tag
  test         0   20 MB   20 MB  0.0 MB DATE   7c2b25      6              
Cluster status: running, auto-recovery enabled

Cluster created at DATE

Epoch Time           Version
DATE      2 [127.0.0.1:7000, 127.0.0.1:7001, 127.0.0.1:7002, 127.0.0.1:7003, 127.0.0.1:7004, 127.0.0.1:7006]
DATE      1 [127.0.0.1:7000, 127.0.0.1:7001, 127.0.0.1:7002, 127.0.0.1:7003, 127.0.0.1:7004, 127.0.0.1:7005]
  Name        Id    Size    Used  Shared    Creation time   VDI id  Copies  Tag
  test         0   20 MB   20 MB  0.0 MB DATE   7c2b25      6              
Cluster status: running, auto-recovery enabled

Cluster created at DATE

Epoch Time           Version
DATE      2 [127.0.0.1:7000, 127.0.0.1:7001, 127.0.0.1:7002, 127.0.0.1:7003, 127.0.0.1:7004, 127.0.0.1:7006]
DATE      1 [127.0.0.1:7000, 127.0.0.1:7001, 127.0.0.1:7002, 127.0.0.1:7003, 127.0.0.1:7004, 127.0.0.1:7005]
  Name        Id    Size    Used  Shared    Creation time   VDI id  Copies  Tag
  test         0   20 MB   20 MB  0.0 MB DATE   7c2b25      6              
Cluster status: running, auto-recovery enabled

Cluster created at DATE

Epoch Time           Version
DATE      2 [127.0.0.1:7000, 127.0.0.1:7001, 127.0.0.1:7002, 127.0.0.1:7003, 127.0.0.1:7004, 127.0.0.1:7006]
DATE      1 [127.0.0.1:7000, 127.0.0.1:7001, 127.0.0.1:7002, 127.0.0.1:7003, 127.0.0.1:7004, 127.0.0.1:7005]
  Name        Id    Size    Used  Shared    Creation time   VDI id  Copies  Tag
  test         0   20 MB   20 MB  0.0 MB DATE   7c2b25      6              
Cluster status: running, auto-recovery enabled

Cluster created at DATE

Epoch Time           Version
DATE      2 [127.0.0.1:7000, 127.0.0.1:7001, 127.0.0.1:7002, 127.0.0.1:7003, 127.0.0.1:7004, 127.0.0.1:7006]
DATE      1 [127.0.0.1:7000, 127.0.0.1:7001, 127.0.0.1:7002, 127.0.0.1:7003, 127.0.0.1:7004, 127.0.0.1:7005]
  Name        Id    Size    Used  Shared    Creation time   VDI id  Copies  Tag
  test         0   20 MB   20 MB  0.0 MB DATE   7c2b25      6              
Cluster status: running, auto-recovery enabled

Cluster created at DATE

Epoch Time           Version
DATE      2 [127.0.0.1:7000, 127.0.0.1:7001, 127.0.0.1:7002, 127.0.0.1:7003, 127.0.0.1:7004, 127.0.0.1:7006]
DATE      1 [127.0.0.1:7000, 127.0.0.1:7001, 127.0.0.1:7002, 127.0.0.1:7003, 127.0.0.1:7004, 127.0.0.1:7005]
  Name        Id    Size    Used  Shared    Creation time   VDI id  Copies  Tag
  test         0   20 MB   20 MB  0.0 MB DATE   7c2b25      6              
Cluster status: running, auto-recovery enabled

Cluster created at DATE

Epoch Time           Version
DATE      3 [127.0.0.1:7000, 127.0.0.1:7001, 127.0.0.1:7002, 127.0.0.1:7003, 127.0.0.1:7004, 127.0.0.1:7005, 127.0.0.1:7006]
DATE      2 [127.0.0.1:7000, 127.0.0.1:7001, 127.0.0.1:7002, 127.0.0.1:7003, 127.0.0.1:7004, 127.0.0.1:7006]
DATE      1 [127.0.0.1:7000, 127.0.0.1:7001, 127.0.0.1:7002, 127.0.0.1:7003, 127.0.0.1:7004, 127.0.0.1:7005]
  Name        Id    Size    Used  Shared    Creation time   VDI id  Copies  Tag
  test         0   20 MB   20 MB  0.0 MB DATE   7c2b25      6              
Cluster status: running, auto-recovery enabled

Cluster created at DATE

Epoch Time           Version
DATE      3 [127.0.0.1:7000, 127.0.0.1:7001, 127.0.0.1:7002, 127.0.0.1:7003, 127.0.0.1:7004, 127.0.0.1:7005, 127.0.0.1:7006]
DATE      2 [127.0.0.1:7000, 127.0.0.1:7001, 127.0.0.1:7002, 127.0.0.1:7003, 127.0.0.1:7004, 127.0.0.1:7006]
DATE      1 [127.0.0.1:7000, 127.0.0.1:7001, 127.0.0.1:7002, 127.0.0.1:7003, 127.0.0.1:7004, 127.0.0.1:7005]
  Name        Id    Size    Used  Shared    Creation time   VDI id  Copies  Tag
  test         0   20 MB   20 MB  0.0 MB DATE   7c2b25      6              
Cluster status: running, auto-recovery enabled

Cluster created at DATE

Epoch Time           Version
DATE      3 [127.0.0.1:7000, 127.0.0.1:7001, 127.0.0.1:7002, 127.0.0.1:7003, 127.0.0.1:7004, 127.0.0.1:7005, 127.0.0.1:7006]
DATE      2 [127.0.0.1:7000, 127.0.0.1:7001, 127.0.0.1:7002, 127.0.0.1:7003, 127.0.0.1:7004, 127.0.0.1:7006]
DATE      1 [127.0.0.1:7000, 127.0.0.1:7001, 127.0.0.1:7002, 127.0.0.1:7003, 127.0.0.1:7004, 127.0.0.1:7005]
  Name        Id    Size    Used  Shared    Creation time   VDI id  Copies  Tag
  test         0   20 MB   20 MB  0.0 MB DATE   7c2b25      6              
Cluster status: running, auto-recovery enabled

Cluster created at DATE

Epoch Time           Version
DATE      3 [127.0.0.1:7000, 127.0.0.1:7001, 127.0.0.1:7002, 127.0.0.1:7003, 127.0.0.1:7004, 127.0.0.1:7005, 127.0.0.1:7006]
DATE      2 [127.0.0.1:7000, 127.0.0.1:7001, 127.0.0.1:7002, 127.0.0.1:7003, 127.0.0.1:7004, 127.0.0.1:7006]
DATE      1 [127.0.0.1:7000, 127.0.0.1:7001, 127.0.0.1:7002, 127.0.0.1:7003, 127.0.0.1:7004, 127.0.0.1:7005]
  Name        Id    Size    Used  Shared    Creation time   VDI id  Copies  Tag
  test         0   20 MB   20 MB  0.0 MB DATE   7c2b25      6              
Cluster status: running, auto-recovery enabled

Cluster created at DATE

Epoch Time           Version
DATE      3 [127.0.0.1:7000, 127.0.0.1:7001, 127.0.0.1:7002, 127.0.0.1:7003, 127.0.0.1:7004, 127.0.0.1:7005, 127.0.0.1:7006]
DATE      2 [127.0.0.1:7000, 127.0.0.1:7001, 127.0.0.1:7002, 127.0.0.1:7003, 127.0.0.1:7004, 127.0.0.1:7006]
DATE      1 [127.0.0.1:7000, 127.0.0.1:7001, 127.0.0.1:7002, 127.0.0.1:7003, 127.0.0.1:7004, 127.0.0.1:7005]
  Name        Id    Size    Used  Shared    Creation time   VDI id  Copies  Tag
  test         0   20 MB   20 MB  0.0 MB DATE   7c2b25      6              
Cluster status: running, auto-recovery enabled

Cluster created at DATE

Epoch Time           Version
DATE      3 [127.0.0.1:7000, 127.0.0.1:7001, 127.0.0.1:7002, 127.0.0.1:7003, 127.0.0.1:7004, 127.0.0.1:7005, 127.0.0.1:7006]
DATE      2 [127.0.0.1:7000, 127.0.0.1:7001, 127.0.0.1:7002, 127.0.0.1:7003, 127.0.0.1:7004, 127.0.0.1:7006]
DATE      1 [127.0.0.1:7000, 127.0.0.1:7001, 127.0.0.1:7002, 127.0.0.1:7003, 127.0.0.1:7004, 127.0.0.1:7005]
  Name        Id    Size    Used  Shared    Creation time   VDI id  Copies  Tag
  test         0   20 MB   20 MB  0.0 MB DATE   7c2b25      6              
Cluster status: running, auto-recovery enabled

Cluster created at DATE

Epoch Time           Version
DATE      3 [127.0.0.1:7000, 127.0.0.1:7001, 127.0.0.1:7002, 127.0.0.1:7003, 127.0.0.1:7004, 127.0.0.1:7005, 127.0.0.1:7006]
DATE      2 [127.0.0.1:7000, 127.0.0.1:7001, 127.0.0.1:7002, 127.0.0.1:7003, 127.0.0.1:7004, 127.0.0.1:7006]
DATE      1 [127.0.0.1:7000, 127.0.0.1:7001, 127.0.0.1:7002, 127.0.0.1:7003, 127.0.0.1:7004, 127.0.0.1:7005]
  Name        Id    Size    Used  Shared    Creation time   VDI id  Copies  Tag
  test         0   20 MB   20 MB  0.0 MB DATE   7c2b25      6              
