QA output created by 062
using backend plain store
= test 0 4095 0 0 MASKED 7c2b25 4:2
hello
HELlo
h!!!
h^^!
xxx
h^^!
HELlo
erxxxxxxcode
