QA output created by 066
using backend plain store
Cluster status: running, auto-recovery enabled

Cluster created at DATE

Epoch Time           Version
DATE     11 [127.0.0.1:7000, 127.0.0.1:7001, 127.0.0.1:7007]
DATE     10 [127.0.0.1:7000, 127.0.0.1:7001, 127.0.0.1:7006, 127.0.0.1:7007]
DATE      9 [127.0.0.1:7000, 127.0.0.1:7001, 127.0.0.1:7006]
DATE      8 [127.0.0.1:7000, 127.0.0.1:7001, 127.0.0.1:7005, 127.0.0.1:7006]
DATE      7 [127.0.0.1:7000, 127.0.0.1:7001, 127.0.0.1:7005]
DATE      6 [127.0.0.1:7000, 127.0.0.1:7001, 127.0.0.1:7004, 127.0.0.1:7005]
DATE      5 [127.0.0.1:7000, 127.0.0.1:7001, 127.0.0.1:7004]
DATE      4 [127.0.0.1:7000, 127.0.0.1:7001, 127.0.0.1:7003, 127.0.0.1:7004]
DATE      3 [127.0.0.1:7000, 127.0.0.1:7001, 127.0.0.1:7003]
DATE      2 [127.0.0.1:7000, 127.0.0.1:7001, 127.0.0.1:7002, 127.0.0.1:7003]
DATE      1 [127.0.0.1:7000, 127.0.0.1:7001, 127.0.0.1:7002]
Cluster status: running, auto-recovery enabled

Cluster created at DATE

Epoch Time           Version
DATE     11 [127.0.0.1:7000, 127.0.0.1:7001, 127.0.0.1:7007]
DATE     10 [127.0.0.1:7000, 127.0.0.1:7001, 127.0.0.1:7006, 127.0.0.1:7007]
DATE      9 [127.0.0.1:7000, 127.0.0.1:7001, 127.0.0.1:7006]
DATE      8 [127.0.0.1:7000, 127.0.0.1:7001, 127.0.0.1:7005, 127.0.0.1:7006]
DATE      7 [127.0.0.1:7000, 127.0.0.1:7001, 127.0.0.1:7005]
DATE      6 [127.0.0.1:7000, 127.0.0.1:7001, 127.0.0.1:7004, 127.0.0.1:7005]
DATE      5 [127.0.0.1:7000, 127.0.0.1:7001, 127.0.0.1:7004]
DATE      4 [127.0.0.1:7000, 127.0.0.1:7001, 127.0.0.1:7003, 127.0.0.1:7004]
DATE      3 [127.0.0.1:7000, 127.0.0.1:7001, 127.0.0.1:7003]
DATE      2 [127.0.0.1:7000, 127.0.0.1:7001, 127.0.0.1:7002, 127.0.0.1:7003]
DATE      1 [127.0.0.1:7000, 127.0.0.1:7001, 127.0.0.1:7002]
Cluster status: running, auto-recovery enabled

Cluster created at DATE

Epoch Time           Version
DATE     11 [127.0.0.1:7000, 127.0.0.1:7001, 127.0.0.1:7007]
DATE     10 [127.0.0.1:7000, 127.0.0.1:7001, 127.0.0.1:7006, 127.0.0.1:7007]
DATE      9 [127.0.0.1:7000, 127.0.0.1:7001, 127.0.0.1:7006]
DATE      8 [127.0.0.1:7000, 127.0.0.1:7001, 127.0.0.1:7005, 127.0.0.1:7006]
DATE      7 [127.0.0.1:7000, 127.0.0.1:7001, 127.0.0.1:7005]
DATE      6 [127.0.0.1:7000, 127.0.0.1:7001, 127.0.0.1:7004, 127.0.0.1:7005]
DATE      5 [127.0.0.1:7000, 127.0.0.1:7001, 127.0.0.1:7004]
DATE      4 [127.0.0.1:7000, 127.0.0.1:7001, 127.0.0.1:7003, 127.0.0.1:7004]
DATE      3 [127.0.0.1:7000, 127.0.0.1:7001, 127.0.0.1:7003]
DATE      2 [127.0.0.1:7000, 127.0.0.1:7001, 127.0.0.1:7002, 127.0.0.1:7003]
DATE      1 [127.0.0.1:7000, 127.0.0.1:7001, 127.0.0.1:7002]
