QA output created by 076
using backend plain store
  Name        Id    Size    Used  Shared    Creation time   VDI id  Copies  Tag
  test         0   40 MB  0.0 MB  0.0 MB DATE   7c2b25  16:15              
using backend plain store
  Name        Id    Size    Used  Shared    Creation time   VDI id  Copies  Tag
  test         0   40 MB  0.0 MB  0.0 MB DATE   7c2b25    2:1              
