QA output created by 079
using backend plain store
  Name        Id    Size    Used  Shared    Creation time   VDI id  Copies  Tag
  test         0   16 PB  0.0 MB  0.0 MB DATE   7c2b25      3              
  Name        Id    Size    Used  Shared    Creation time   VDI id  Copies  Tag
  test         0   16 PB   64 MB  0.0 MB DATE   7c2b25      3              
using backend plain store
  Name        Id    Size    Used  Shared    Creation time   VDI id  Copies  Tag
  test         0   16 PB  0.0 MB  0.0 MB DATE   7c2b25      3              
  Name        Id    Size    Used  Shared    Creation time   VDI id  Copies  Tag
  test         0   16 PB  4.0 MB  0.0 MB DATE   7c2b25      3              
