QA output created by 083
  Id   Host:Port         V-Nodes       Zone
   0   127.0.0.1:7000      	128          0
   1   127.0.0.1:7001      	128          0
   2   127.0.0.1:7002      	128          1
using backend plain store
  Name        Id    Size    Used  Shared    Creation time   VDI id  Copies  Tag
  test         0   12 MB  0.0 MB  0.0 MB DATE   7c2b25      3              
[127.0.0.1:7001] oid 007c2b2500000000 is missing.
test lost 1 object(s).
fixed missing 7c2b2500000000
finish check&repair test
original data
