QA output created by 101
using backend plain store
finish check&repair test
