QA output created by 102
using backend plain store
  Name        Id    Size    Used  Shared    Creation time   VDI id  Copies  Tag
