QA output created by 106
using backend plain store
Cluster status: running, auto-recovery disabled

Cluster created at DATE

Epoch Time           Version
DATE      1 [127.0.0.1:7000, 127.0.0.1:7001, 127.0.0.1:7002]
  Id   Host:Port         V-Nodes       Zone
   0   127.0.0.1:7000      	128          0
   1   127.0.0.1:7001      	128          1
   2   127.0.0.1:7002      	128          2

Offline: [127.0.0.1:7001, ]
Nodes In Recovery:
  Id   Host:Port         V-Nodes       Zone       Progress
Cluster status: running, auto-recovery disabled

Cluster created at DATE

Epoch Time           Version
DATE      1 [127.0.0.1:7000, 127.0.0.1:7001, 127.0.0.1:7002]
  Id   Host:Port         V-Nodes       Zone
   0   127.0.0.1:7000      	128          0
   1   127.0.0.1:7001      	128          1
   2   127.0.0.1:7002      	128          2
127.0.0.1:7003 not yet join the cluster. You may try 'dog cluster reconfig' to manually add it.
Cluster status: running, auto-recovery disabled

Cluster created at DATE

Epoch Time           Version
DATE      1 [127.0.0.1:7000, 127.0.0.1:7001, 127.0.0.1:7002]
Cluster status: running, auto-recovery disabled

Cluster created at DATE

Epoch Time           Version
DATE      2 [127.0.0.1:7000, 127.0.0.1:7001, 127.0.0.1:7002, 127.0.0.1:7003]
DATE      1 [127.0.0.1:7000, 127.0.0.1:7001, 127.0.0.1:7002]
  Id   Host:Port         V-Nodes       Zone
   0   127.0.0.1:7000      	128          0
   1   127.0.0.1:7001      	128          1
   2   127.0.0.1:7002      	128          2
   3   127.0.0.1:7003      	127          3
Nodes In Recovery:
  Id   Host:Port         V-Nodes       Zone       Progress
Cluster status: running, auto-recovery disabled

Cluster created at DATE

Epoch Time           Version
DATE      2 [127.0.0.1:7000, 127.0.0.1:7001, 127.0.0.1:7002, 127.0.0.1:7003]
DATE      1 [127.0.0.1:7000, 127.0.0.1:7001, 127.0.0.1:7002]
  Id   Host:Port         V-Nodes       Zone
   0   127.0.0.1:7000      	128          0
   1   127.0.0.1:7001      	128          1
   2   127.0.0.1:7002      	128          2
   3   127.0.0.1:7003      	127          3
